Archive member included to satisfy reference by file (symbol)

c:/program files (x86)/atollic/truestudio for arm 8.1.0/armtools/bin/../lib/gcc/arm-atollic-eabi/6.3.1/../../../../arm-atollic-eabi/lib/armv7e-m\libc_nano.a(lib_a-init.o)
                              src\k60_startup.o (__libc_init_array)
c:/program files (x86)/atollic/truestudio for arm 8.1.0/armtools/bin/../lib/gcc/arm-atollic-eabi/6.3.1/../../../../arm-atollic-eabi/lib/armv7e-m\libc_nano.a(lib_a-memcmp.o)
                              FreeRTOS_Source\tasks.o (memcmp)
c:/program files (x86)/atollic/truestudio for arm 8.1.0/armtools/bin/../lib/gcc/arm-atollic-eabi/6.3.1/../../../../arm-atollic-eabi/lib/armv7e-m\libc_nano.a(lib_a-memcpy-stub.o)
                              FreeRTOS_Source\queue.o (memcpy)
c:/program files (x86)/atollic/truestudio for arm 8.1.0/armtools/bin/../lib/gcc/arm-atollic-eabi/6.3.1/../../../../arm-atollic-eabi/lib/armv7e-m\libc_nano.a(lib_a-memset.o)
                              FreeRTOS_Source\tasks.o (memset)
c:/program files (x86)/atollic/truestudio for arm 8.1.0/armtools/bin/../lib/gcc/arm-atollic-eabi/6.3.1/../../../../arm-atollic-eabi/lib/armv7e-m\libc_nano.a(lib_a-strncpy.o)
                              FreeRTOS_Source\tasks.o (strncpy)
c:/program files (x86)/atollic/truestudio for arm 8.1.0/armtools/bin/../lib/gcc/arm-atollic-eabi/6.3.1/../../../../arm-atollic-eabi/lib/armv7e-m\libnosys.a(write.o)
                              src\tiny_printf.o (_write)
c:/program files (x86)/atollic/truestudio for arm 8.1.0/armtools/bin/../lib/gcc/arm-atollic-eabi/6.3.1/../../../../arm-atollic-eabi/lib/armv7e-m\libnosys.a(errno.o)
                              c:/program files (x86)/atollic/truestudio for arm 8.1.0/armtools/bin/../lib/gcc/arm-atollic-eabi/6.3.1/../../../../arm-atollic-eabi/lib/armv7e-m\libnosys.a(write.o) (errno)

Allocating common symbols
Common symbol       size              file

errno               0x4               c:/program files (x86)/atollic/truestudio for arm 8.1.0/armtools/bin/../lib/gcc/arm-atollic-eabi/6.3.1/../../../../arm-atollic-eabi/lib/armv7e-m\libnosys.a(errno.o)
xQueueRegistry      0x80              FreeRTOS_Source\queue.o

Discarded input sections

 .text          0x00000000        0x0 c:/program files (x86)/atollic/truestudio for arm 8.1.0/armtools/bin/../lib/gcc/arm-atollic-eabi/6.3.1/armv7e-m/crti.o
 .data          0x00000000        0x0 c:/program files (x86)/atollic/truestudio for arm 8.1.0/armtools/bin/../lib/gcc/arm-atollic-eabi/6.3.1/armv7e-m/crti.o
 .bss           0x00000000        0x0 c:/program files (x86)/atollic/truestudio for arm 8.1.0/armtools/bin/../lib/gcc/arm-atollic-eabi/6.3.1/armv7e-m/crti.o
 .data          0x00000000        0x4 c:/program files (x86)/atollic/truestudio for arm 8.1.0/armtools/bin/../lib/gcc/arm-atollic-eabi/6.3.1/armv7e-m/crtbegin.o
 .text          0x00000000        0x0 FreeRTOS_Source\list.o
 .data          0x00000000        0x0 FreeRTOS_Source\list.o
 .bss           0x00000000        0x0 FreeRTOS_Source\list.o
 .text          0x00000000        0x0 FreeRTOS_Source\portable\GCC\ARM_CM3\port.o
 .data          0x00000000        0x0 FreeRTOS_Source\portable\GCC\ARM_CM3\port.o
 .bss           0x00000000        0x0 FreeRTOS_Source\portable\GCC\ARM_CM3\port.o
 .rodata.ulKernelPriority
                0x00000000        0x4 FreeRTOS_Source\portable\GCC\ARM_CM3\port.o
 .text.vPortEndScheduler
                0x00000000        0xc FreeRTOS_Source\portable\GCC\ARM_CM3\port.o
 .text          0x00000000        0x0 FreeRTOS_Source\portable\MemMang\heap_1.o
 .data          0x00000000        0x0 FreeRTOS_Source\portable\MemMang\heap_1.o
 .bss           0x00000000        0x0 FreeRTOS_Source\portable\MemMang\heap_1.o
 .text.vPortInitialiseBlocks
                0x00000000       0x18 FreeRTOS_Source\portable\MemMang\heap_1.o
 .text          0x00000000        0x0 FreeRTOS_Source\queue.o
 .data          0x00000000        0x0 FreeRTOS_Source\queue.o
 .bss           0x00000000        0x0 FreeRTOS_Source\queue.o
 .text.xQueueCreateMutex
                0x00000000       0x8c FreeRTOS_Source\queue.o
 .text.xQueueReceiveFromISR
                0x00000000       0xba FreeRTOS_Source\queue.o
 .text.uxQueueMessagesWaiting
                0x00000000       0x30 FreeRTOS_Source\queue.o
 .text.uxQueueMessagesWaitingFromISR
                0x00000000       0x2a FreeRTOS_Source\queue.o
 .text.vQueueDelete
                0x00000000       0x36 FreeRTOS_Source\queue.o
 .text.xQueueIsQueueEmptyFromISR
                0x00000000       0x34 FreeRTOS_Source\queue.o
 .text.xQueueIsQueueFullFromISR
                0x00000000       0x38 FreeRTOS_Source\queue.o
 .text.vQueueUnregisterQueue
                0x00000000       0x44 FreeRTOS_Source\queue.o
 .text          0x00000000        0x0 FreeRTOS_Source\tasks.o
 .data          0x00000000        0x0 FreeRTOS_Source\tasks.o
 .bss           0x00000000        0x0 FreeRTOS_Source\tasks.o
 .text.vTaskDelete
                0x00000000       0x98 FreeRTOS_Source\tasks.o
 .text.vTaskDelay
                0x00000000       0x54 FreeRTOS_Source\tasks.o
 .text.uxTaskPriorityGet
                0x00000000       0x34 FreeRTOS_Source\tasks.o
 .text.vTaskPrioritySet
                0x00000000      0x10c FreeRTOS_Source\tasks.o
 .text.vTaskSuspend
                0x00000000       0x9c FreeRTOS_Source\tasks.o
 .text.xTaskIsTaskSuspended
                0x00000000       0x54 FreeRTOS_Source\tasks.o
 .text.vTaskResume
                0x00000000       0xa0 FreeRTOS_Source\tasks.o
 .text.xTaskResumeFromISR
                0x00000000       0xc4 FreeRTOS_Source\tasks.o
 .text.vTaskEndScheduler
                0x00000000       0x20 FreeRTOS_Source\tasks.o
 .text.xTaskGetTickCountFromISR
                0x00000000       0x30 FreeRTOS_Source\tasks.o
 .text.uxTaskGetNumberOfTasks
                0x00000000       0x14 FreeRTOS_Source\tasks.o
 .text          0x00000000        0x0 FreeRTOS_Source\timers.o
 .data          0x00000000        0x0 FreeRTOS_Source\timers.o
 .bss           0x00000000        0x0 FreeRTOS_Source\timers.o
 .text.xTimerIsTimerActive
                0x00000000       0x2e FreeRTOS_Source\timers.o
 .text.pvTimerGetTimerID
                0x00000000       0x1a FreeRTOS_Source\timers.o
 .text          0x00000000        0x0 src\k60_startup.o
 .data          0x00000000        0x0 src\k60_startup.o
 .bss           0x00000000        0x0 src\k60_startup.o
 .text          0x00000000        0x0 src\main.o
 .data          0x00000000        0x0 src\main.o
 .bss           0x00000000        0x0 src\main.o
 .text          0x00000000        0x0 src\system_MK60DZ10.o
 .data          0x00000000        0x0 src\system_MK60DZ10.o
 .bss           0x00000000        0x0 src\system_MK60DZ10.o
 .data.SystemCoreClock
                0x00000000        0x4 src\system_MK60DZ10.o
 .text.SystemCoreClockUpdate
                0x00000000      0x1f8 src\system_MK60DZ10.o
 .text          0x00000000        0x0 src\tiny_printf.o
 .data          0x00000000        0x0 src\tiny_printf.o
 .bss           0x00000000        0x0 src\tiny_printf.o
 .text.ts_itoa  0x00000000       0x90 src\tiny_printf.o
 .text.ts_formatstring
                0x00000000      0x12e src\tiny_printf.o
 .text.ts_formatlength
                0x00000000      0x12c src\tiny_printf.o
 .text.sprintf  0x00000000       0x2c src\tiny_printf.o
 .text.fprintf  0x00000000       0x9a src\tiny_printf.o
 .text.printf   0x00000000       0x92 src\tiny_printf.o
 .debug_info    0x00000000      0xb55 src\tiny_printf.o
 .debug_abbrev  0x00000000      0x214 src\tiny_printf.o
 .debug_aranges
                0x00000000       0x48 src\tiny_printf.o
 .debug_ranges  0x00000000       0x38 src\tiny_printf.o
 .debug_line    0x00000000      0x273 src\tiny_printf.o
 .debug_str     0x00000000      0x657 src\tiny_printf.o
 .comment       0x00000000       0x7d src\tiny_printf.o
 .debug_frame   0x00000000      0x150 src\tiny_printf.o
 .ARM.attributes
                0x00000000       0x33 src\tiny_printf.o
 .text          0x00000000        0x0 c:/program files (x86)/atollic/truestudio for arm 8.1.0/armtools/bin/../lib/gcc/arm-atollic-eabi/6.3.1/../../../../arm-atollic-eabi/lib/armv7e-m\libc_nano.a(lib_a-init.o)
 .data          0x00000000        0x0 c:/program files (x86)/atollic/truestudio for arm 8.1.0/armtools/bin/../lib/gcc/arm-atollic-eabi/6.3.1/../../../../arm-atollic-eabi/lib/armv7e-m\libc_nano.a(lib_a-init.o)
 .bss           0x00000000        0x0 c:/program files (x86)/atollic/truestudio for arm 8.1.0/armtools/bin/../lib/gcc/arm-atollic-eabi/6.3.1/../../../../arm-atollic-eabi/lib/armv7e-m\libc_nano.a(lib_a-init.o)
 .text          0x00000000        0x0 c:/program files (x86)/atollic/truestudio for arm 8.1.0/armtools/bin/../lib/gcc/arm-atollic-eabi/6.3.1/../../../../arm-atollic-eabi/lib/armv7e-m\libc_nano.a(lib_a-memcmp.o)
 .data          0x00000000        0x0 c:/program files (x86)/atollic/truestudio for arm 8.1.0/armtools/bin/../lib/gcc/arm-atollic-eabi/6.3.1/../../../../arm-atollic-eabi/lib/armv7e-m\libc_nano.a(lib_a-memcmp.o)
 .bss           0x00000000        0x0 c:/program files (x86)/atollic/truestudio for arm 8.1.0/armtools/bin/../lib/gcc/arm-atollic-eabi/6.3.1/../../../../arm-atollic-eabi/lib/armv7e-m\libc_nano.a(lib_a-memcmp.o)
 .text          0x00000000        0x0 c:/program files (x86)/atollic/truestudio for arm 8.1.0/armtools/bin/../lib/gcc/arm-atollic-eabi/6.3.1/../../../../arm-atollic-eabi/lib/armv7e-m\libc_nano.a(lib_a-memcpy-stub.o)
 .data          0x00000000        0x0 c:/program files (x86)/atollic/truestudio for arm 8.1.0/armtools/bin/../lib/gcc/arm-atollic-eabi/6.3.1/../../../../arm-atollic-eabi/lib/armv7e-m\libc_nano.a(lib_a-memcpy-stub.o)
 .bss           0x00000000        0x0 c:/program files (x86)/atollic/truestudio for arm 8.1.0/armtools/bin/../lib/gcc/arm-atollic-eabi/6.3.1/../../../../arm-atollic-eabi/lib/armv7e-m\libc_nano.a(lib_a-memcpy-stub.o)
 .text          0x00000000        0x0 c:/program files (x86)/atollic/truestudio for arm 8.1.0/armtools/bin/../lib/gcc/arm-atollic-eabi/6.3.1/../../../../arm-atollic-eabi/lib/armv7e-m\libc_nano.a(lib_a-memset.o)
 .data          0x00000000        0x0 c:/program files (x86)/atollic/truestudio for arm 8.1.0/armtools/bin/../lib/gcc/arm-atollic-eabi/6.3.1/../../../../arm-atollic-eabi/lib/armv7e-m\libc_nano.a(lib_a-memset.o)
 .bss           0x00000000        0x0 c:/program files (x86)/atollic/truestudio for arm 8.1.0/armtools/bin/../lib/gcc/arm-atollic-eabi/6.3.1/../../../../arm-atollic-eabi/lib/armv7e-m\libc_nano.a(lib_a-memset.o)
 .text          0x00000000        0x0 c:/program files (x86)/atollic/truestudio for arm 8.1.0/armtools/bin/../lib/gcc/arm-atollic-eabi/6.3.1/../../../../arm-atollic-eabi/lib/armv7e-m\libc_nano.a(lib_a-strncpy.o)
 .data          0x00000000        0x0 c:/program files (x86)/atollic/truestudio for arm 8.1.0/armtools/bin/../lib/gcc/arm-atollic-eabi/6.3.1/../../../../arm-atollic-eabi/lib/armv7e-m\libc_nano.a(lib_a-strncpy.o)
 .bss           0x00000000        0x0 c:/program files (x86)/atollic/truestudio for arm 8.1.0/armtools/bin/../lib/gcc/arm-atollic-eabi/6.3.1/../../../../arm-atollic-eabi/lib/armv7e-m\libc_nano.a(lib_a-strncpy.o)
 .text          0x00000000        0x0 c:/program files (x86)/atollic/truestudio for arm 8.1.0/armtools/bin/../lib/gcc/arm-atollic-eabi/6.3.1/../../../../arm-atollic-eabi/lib/armv7e-m\libnosys.a(write.o)
 .data          0x00000000        0x0 c:/program files (x86)/atollic/truestudio for arm 8.1.0/armtools/bin/../lib/gcc/arm-atollic-eabi/6.3.1/../../../../arm-atollic-eabi/lib/armv7e-m\libnosys.a(write.o)
 .bss           0x00000000        0x0 c:/program files (x86)/atollic/truestudio for arm 8.1.0/armtools/bin/../lib/gcc/arm-atollic-eabi/6.3.1/../../../../arm-atollic-eabi/lib/armv7e-m\libnosys.a(write.o)
 .stab          0x00000000       0x24 c:/program files (x86)/atollic/truestudio for arm 8.1.0/armtools/bin/../lib/gcc/arm-atollic-eabi/6.3.1/../../../../arm-atollic-eabi/lib/armv7e-m\libnosys.a(write.o)
 .text._write   0x00000000       0x10 c:/program files (x86)/atollic/truestudio for arm 8.1.0/armtools/bin/../lib/gcc/arm-atollic-eabi/6.3.1/../../../../arm-atollic-eabi/lib/armv7e-m\libnosys.a(write.o)
 .debug_frame   0x00000000       0x20 c:/program files (x86)/atollic/truestudio for arm 8.1.0/armtools/bin/../lib/gcc/arm-atollic-eabi/6.3.1/../../../../arm-atollic-eabi/lib/armv7e-m\libnosys.a(write.o)
 .ARM.attributes
                0x00000000       0x2e c:/program files (x86)/atollic/truestudio for arm 8.1.0/armtools/bin/../lib/gcc/arm-atollic-eabi/6.3.1/../../../../arm-atollic-eabi/lib/armv7e-m\libnosys.a(write.o)
 .text          0x00000000        0x0 c:/program files (x86)/atollic/truestudio for arm 8.1.0/armtools/bin/../lib/gcc/arm-atollic-eabi/6.3.1/../../../../arm-atollic-eabi/lib/armv7e-m\libnosys.a(errno.o)
 .data          0x00000000        0x0 c:/program files (x86)/atollic/truestudio for arm 8.1.0/armtools/bin/../lib/gcc/arm-atollic-eabi/6.3.1/../../../../arm-atollic-eabi/lib/armv7e-m\libnosys.a(errno.o)
 .bss           0x00000000        0x0 c:/program files (x86)/atollic/truestudio for arm 8.1.0/armtools/bin/../lib/gcc/arm-atollic-eabi/6.3.1/../../../../arm-atollic-eabi/lib/armv7e-m\libnosys.a(errno.o)
 .ARM.attributes
                0x00000000       0x2e c:/program files (x86)/atollic/truestudio for arm 8.1.0/armtools/bin/../lib/gcc/arm-atollic-eabi/6.3.1/../../../../arm-atollic-eabi/lib/armv7e-m\libnosys.a(errno.o)
 COMMON         0x00000000        0x4 c:/program files (x86)/atollic/truestudio for arm 8.1.0/armtools/bin/../lib/gcc/arm-atollic-eabi/6.3.1/../../../../arm-atollic-eabi/lib/armv7e-m\libnosys.a(errno.o)
 .text          0x00000000        0x0 c:/program files (x86)/atollic/truestudio for arm 8.1.0/armtools/bin/../lib/gcc/arm-atollic-eabi/6.3.1/armv7e-m/crtend.o
 .data          0x00000000        0x0 c:/program files (x86)/atollic/truestudio for arm 8.1.0/armtools/bin/../lib/gcc/arm-atollic-eabi/6.3.1/armv7e-m/crtend.o
 .bss           0x00000000        0x0 c:/program files (x86)/atollic/truestudio for arm 8.1.0/armtools/bin/../lib/gcc/arm-atollic-eabi/6.3.1/armv7e-m/crtend.o
 .eh_frame      0x00000000        0x4 c:/program files (x86)/atollic/truestudio for arm 8.1.0/armtools/bin/../lib/gcc/arm-atollic-eabi/6.3.1/armv7e-m/crtend.o
 .ARM.attributes
                0x00000000       0x2e c:/program files (x86)/atollic/truestudio for arm 8.1.0/armtools/bin/../lib/gcc/arm-atollic-eabi/6.3.1/armv7e-m/crtend.o
 .text          0x00000000        0x0 c:/program files (x86)/atollic/truestudio for arm 8.1.0/armtools/bin/../lib/gcc/arm-atollic-eabi/6.3.1/armv7e-m/crtn.o
 .data          0x00000000        0x0 c:/program files (x86)/atollic/truestudio for arm 8.1.0/armtools/bin/../lib/gcc/arm-atollic-eabi/6.3.1/armv7e-m/crtn.o
 .bss           0x00000000        0x0 c:/program files (x86)/atollic/truestudio for arm 8.1.0/armtools/bin/../lib/gcc/arm-atollic-eabi/6.3.1/armv7e-m/crtn.o

Memory Configuration

Name             Origin             Length             Attributes
FLASH            0x00000000         0x00080000         xr
RAM              0x1fff0000         0x00020000         xrw
*default*        0x00000000         0xffffffff

Linker script and memory map

LOAD c:/program files (x86)/atollic/truestudio for arm 8.1.0/armtools/bin/../lib/gcc/arm-atollic-eabi/6.3.1/armv7e-m/crti.o
LOAD c:/program files (x86)/atollic/truestudio for arm 8.1.0/armtools/bin/../lib/gcc/arm-atollic-eabi/6.3.1/armv7e-m/crtbegin.o
LOAD FreeRTOS_Source\list.o
LOAD FreeRTOS_Source\portable\GCC\ARM_CM3\port.o
LOAD FreeRTOS_Source\portable\MemMang\heap_1.o
LOAD FreeRTOS_Source\queue.o
LOAD FreeRTOS_Source\tasks.o
LOAD FreeRTOS_Source\timers.o
LOAD src\k60_startup.o
LOAD src\main.o
LOAD src\system_MK60DZ10.o
LOAD src\tiny_printf.o
LOAD c:/program files (x86)/atollic/truestudio for arm 8.1.0/armtools/bin/../lib/gcc/arm-atollic-eabi/6.3.1/../../../../arm-atollic-eabi/lib/armv7e-m\libm.a
                0x00000080                malloc_getpagesize_P = 0x80
START GROUP
LOAD c:/program files (x86)/atollic/truestudio for arm 8.1.0/armtools/bin/../lib/gcc/arm-atollic-eabi/6.3.1/../../../../arm-atollic-eabi/lib/armv7e-m\libc_nano.a
LOAD c:/program files (x86)/atollic/truestudio for arm 8.1.0/armtools/bin/../lib/gcc/arm-atollic-eabi/6.3.1/../../../../arm-atollic-eabi/lib/armv7e-m\libm.a
END GROUP
START GROUP
LOAD c:/program files (x86)/atollic/truestudio for arm 8.1.0/armtools/bin/../lib/gcc/arm-atollic-eabi/6.3.1/armv7e-m\libgcc.a
LOAD c:/program files (x86)/atollic/truestudio for arm 8.1.0/armtools/bin/../lib/gcc/arm-atollic-eabi/6.3.1/../../../../arm-atollic-eabi/lib/armv7e-m\libc_nano.a
END GROUP
START GROUP
LOAD c:/program files (x86)/atollic/truestudio for arm 8.1.0/armtools/bin/../lib/gcc/arm-atollic-eabi/6.3.1/armv7e-m\libgcc.a
LOAD c:/program files (x86)/atollic/truestudio for arm 8.1.0/armtools/bin/../lib/gcc/arm-atollic-eabi/6.3.1/../../../../arm-atollic-eabi/lib/armv7e-m\libc_nano.a
LOAD c:/program files (x86)/atollic/truestudio for arm 8.1.0/armtools/bin/../lib/gcc/arm-atollic-eabi/6.3.1/../../../../arm-atollic-eabi/lib/armv7e-m\libnosys.a
END GROUP
START GROUP
LOAD c:/program files (x86)/atollic/truestudio for arm 8.1.0/armtools/bin/../lib/gcc/arm-atollic-eabi/6.3.1/armv7e-m\libgcc.a
LOAD c:/program files (x86)/atollic/truestudio for arm 8.1.0/armtools/bin/../lib/gcc/arm-atollic-eabi/6.3.1/../../../../arm-atollic-eabi/lib/armv7e-m\libc_nano.a
LOAD c:/program files (x86)/atollic/truestudio for arm 8.1.0/armtools/bin/../lib/gcc/arm-atollic-eabi/6.3.1/../../../../arm-atollic-eabi/lib/armv7e-m\libnosys.a
END GROUP
LOAD c:/program files (x86)/atollic/truestudio for arm 8.1.0/armtools/bin/../lib/gcc/arm-atollic-eabi/6.3.1/armv7e-m/crtend.o
LOAD c:/program files (x86)/atollic/truestudio for arm 8.1.0/armtools/bin/../lib/gcc/arm-atollic-eabi/6.3.1/armv7e-m/crtn.o
                0x20010000                _estack = 0x20010000
                0x00000000                _Min_Heap_Size = 0x0
                0x00000400                _Min_Stack_Size = 0x400

.isr_vector     0x00000000      0x410
                0x00000000                . = ALIGN (0x4)
 *(.isr_vector)
 .isr_vector    0x00000000      0x410 src\k60_startup.o
                0x00000000                InterruptVector
                0x00000410                . = ALIGN (0x4)

.text           0x00000410     0x224c
                0x00000410                . = ALIGN (0x4)
 *(.text)
 .text          0x00000410       0x40 c:/program files (x86)/atollic/truestudio for arm 8.1.0/armtools/bin/../lib/gcc/arm-atollic-eabi/6.3.1/armv7e-m/crtbegin.o
 *(.text*)
 .text.vListInitialise
                0x00000450       0x3e FreeRTOS_Source\list.o
                0x00000450                vListInitialise
 .text.vListInitialiseItem
                0x0000048e       0x18 FreeRTOS_Source\list.o
                0x0000048e                vListInitialiseItem
 .text.vListInsertEnd
                0x000004a6       0x4e FreeRTOS_Source\list.o
                0x000004a6                vListInsertEnd
 .text.vListInsert
                0x000004f4       0x70 FreeRTOS_Source\list.o
                0x000004f4                vListInsert
 .text.vListRemove
                0x00000564       0x4e FreeRTOS_Source\list.o
                0x00000564                vListRemove
 .text.pxPortInitialiseStack
                0x000005b2       0x50 FreeRTOS_Source\portable\GCC\ARM_CM3\port.o
                0x000005b2                pxPortInitialiseStack
 *fill*         0x00000602        0x2 
 .text.SVC_Handler
                0x00000604       0x24 FreeRTOS_Source\portable\GCC\ARM_CM3\port.o
                0x00000604                SVC_Handler
 .text.prvPortStartFirstTask
                0x00000628       0x18 FreeRTOS_Source\portable\GCC\ARM_CM3\port.o
 .text.xPortStartScheduler
                0x00000640       0x38 FreeRTOS_Source\portable\GCC\ARM_CM3\port.o
                0x00000640                xPortStartScheduler
 .text.vPortYieldFromISR
                0x00000678       0x18 FreeRTOS_Source\portable\GCC\ARM_CM3\port.o
                0x00000678                vPortYieldFromISR
 .text.vPortEnterCritical
                0x00000690       0x24 FreeRTOS_Source\portable\GCC\ARM_CM3\port.o
                0x00000690                vPortEnterCritical
 .text.vPortExitCritical
                0x000006b4       0x2c FreeRTOS_Source\portable\GCC\ARM_CM3\port.o
                0x000006b4                vPortExitCritical
 .text.PendSV_Handler
                0x000006e0       0x40 FreeRTOS_Source\portable\GCC\ARM_CM3\port.o
                0x000006e0                PendSV_Handler
 .text.SysTick_Handler
                0x00000720       0x34 FreeRTOS_Source\portable\GCC\ARM_CM3\port.o
                0x00000720                SysTick_Handler
 .text.prvSetupTimerInterrupt
                0x00000754       0x24 FreeRTOS_Source\portable\GCC\ARM_CM3\port.o
 .text.pvPortMalloc
                0x00000778       0x78 FreeRTOS_Source\portable\MemMang\heap_1.o
                0x00000778                pvPortMalloc
 .text.vPortFree
                0x000007f0       0x12 FreeRTOS_Source\portable\MemMang\heap_1.o
                0x000007f0                vPortFree
 *fill*         0x00000802        0x2 
 .text.xPortGetFreeHeapSize
                0x00000804       0x18 FreeRTOS_Source\portable\MemMang\heap_1.o
                0x00000804                xPortGetFreeHeapSize
 .text.xQueueGenericReset
                0x0000081c       0xb0 FreeRTOS_Source\queue.o
                0x0000081c                xQueueGenericReset
 .text.xQueueGenericCreate
                0x000008cc       0x80 FreeRTOS_Source\queue.o
                0x000008cc                xQueueGenericCreate
 .text.xQueueGenericSend
                0x0000094c      0x138 FreeRTOS_Source\queue.o
                0x0000094c                xQueueGenericSend
 .text.xQueueGenericSendFromISR
                0x00000a84       0xb8 FreeRTOS_Source\queue.o
                0x00000a84                xQueueGenericSendFromISR
 .text.xQueueGenericReceive
                0x00000b3c      0x19a FreeRTOS_Source\queue.o
                0x00000b3c                xQueueGenericReceive
 .text.prvCopyDataToQueue
                0x00000cd6       0xb6 FreeRTOS_Source\queue.o
 .text.prvCopyDataFromQueue
                0x00000d8c       0x4c FreeRTOS_Source\queue.o
 .text.prvUnlockQueue
                0x00000dd8       0x98 FreeRTOS_Source\queue.o
 .text.prvIsQueueEmpty
                0x00000e70       0x2a FreeRTOS_Source\queue.o
 .text.prvIsQueueFull
                0x00000e9a       0x2e FreeRTOS_Source\queue.o
 .text.vQueueAddToRegistry
                0x00000ec8       0x50 FreeRTOS_Source\queue.o
                0x00000ec8                vQueueAddToRegistry
 .text.vQueueWaitForMessageRestricted
                0x00000f18       0x54 FreeRTOS_Source\queue.o
                0x00000f18                vQueueWaitForMessageRestricted
 .text.xTaskGenericCreate
                0x00000f6c      0x19c FreeRTOS_Source\tasks.o
                0x00000f6c                xTaskGenericCreate
 .text.vTaskDelayUntil
                0x00001108       0xb8 FreeRTOS_Source\tasks.o
                0x00001108                vTaskDelayUntil
 .text.vTaskStartScheduler
                0x000011c0       0x78 FreeRTOS_Source\tasks.o
                0x000011c0                vTaskStartScheduler
 .text.vTaskSuspendAll
                0x00001238       0x1c FreeRTOS_Source\tasks.o
                0x00001238                vTaskSuspendAll
 .text.xTaskResumeAll
                0x00001254      0x108 FreeRTOS_Source\tasks.o
                0x00001254                xTaskResumeAll
 .text.xTaskGetTickCount
                0x0000135c       0x24 FreeRTOS_Source\tasks.o
                0x0000135c                xTaskGetTickCount
 .text.vTaskIncrementTick
                0x00001380      0x150 FreeRTOS_Source\tasks.o
                0x00001380                vTaskIncrementTick
 .text.vTaskSwitchContext
                0x000014d0       0xf0 FreeRTOS_Source\tasks.o
                0x000014d0                vTaskSwitchContext
 .text.vTaskPlaceOnEventList
                0x000015c0       0x70 FreeRTOS_Source\tasks.o
                0x000015c0                vTaskPlaceOnEventList
 .text.vTaskPlaceOnEventListRestricted
                0x00001630       0x54 FreeRTOS_Source\tasks.o
                0x00001630                vTaskPlaceOnEventListRestricted
 .text.xTaskRemoveFromEventList
                0x00001684       0xb0 FreeRTOS_Source\tasks.o
                0x00001684                xTaskRemoveFromEventList
 .text.vTaskSetTimeOutState
                0x00001734       0x3c FreeRTOS_Source\tasks.o
                0x00001734                vTaskSetTimeOutState
 .text.xTaskCheckForTimeOut
                0x00001770       0xa8 FreeRTOS_Source\tasks.o
                0x00001770                xTaskCheckForTimeOut
 .text.vTaskMissedYield
                0x00001818       0x18 FreeRTOS_Source\tasks.o
                0x00001818                vTaskMissedYield
 .text.prvIdleTask
                0x00001830       0x24 FreeRTOS_Source\tasks.o
 .text.prvInitialiseTCBVariables
                0x00001854       0x6c FreeRTOS_Source\tasks.o
 .text.prvInitialiseTaskLists
                0x000018c0       0x80 FreeRTOS_Source\tasks.o
 .text.prvCheckTasksWaitingTermination
                0x00001940       0x74 FreeRTOS_Source\tasks.o
 .text.prvAddCurrentTaskToDelayedList
                0x000019b4       0x6c FreeRTOS_Source\tasks.o
 .text.prvAllocateTCBAndStack
                0x00001a20       0x62 FreeRTOS_Source\tasks.o
 .text.prvDeleteTCB
                0x00001a82       0x20 FreeRTOS_Source\tasks.o
 *fill*         0x00001aa2        0x2 
 .text.xTaskGetCurrentTaskHandle
                0x00001aa4       0x1c FreeRTOS_Source\tasks.o
                0x00001aa4                xTaskGetCurrentTaskHandle
 .text.xTaskGetSchedulerState
                0x00001ac0       0x3c FreeRTOS_Source\tasks.o
                0x00001ac0                xTaskGetSchedulerState
 .text.vTaskPriorityInherit
                0x00001afc       0xb4 FreeRTOS_Source\tasks.o
                0x00001afc                vTaskPriorityInherit
 .text.vTaskPriorityDisinherit
                0x00001bb0       0x7c FreeRTOS_Source\tasks.o
                0x00001bb0                vTaskPriorityDisinherit
 .text.xTimerCreateTimerTask
                0x00001c2c       0x5c FreeRTOS_Source\timers.o
                0x00001c2c                xTimerCreateTimerTask
 .text.xTimerCreate
                0x00001c88       0x6c FreeRTOS_Source\timers.o
                0x00001c88                xTimerCreate
 .text.xTimerGenericCommand
                0x00001cf4       0x80 FreeRTOS_Source\timers.o
                0x00001cf4                xTimerGenericCommand
 .text.prvProcessExpiredTimer
                0x00001d74       0x74 FreeRTOS_Source\timers.o
 .text.prvTimerTask
                0x00001de8       0x24 FreeRTOS_Source\timers.o
 .text.prvProcessTimerOrBlockTask
                0x00001e0c       0x6c FreeRTOS_Source\timers.o
 .text.prvGetNextExpireTime
                0x00001e78       0x48 FreeRTOS_Source\timers.o
 .text.prvSampleTimeNow
                0x00001ec0       0x44 FreeRTOS_Source\timers.o
 .text.prvInsertTimerInActiveList
                0x00001f04       0x84 FreeRTOS_Source\timers.o
 .text.prvProcessReceivedCommands
                0x00001f88       0xf4 FreeRTOS_Source\timers.o
 .text.prvSwitchTimerLists
                0x0000207c       0xb8 FreeRTOS_Source\timers.o
 .text.prvCheckForValidListAndQueue
                0x00002134       0x54 FreeRTOS_Source\timers.o
 .text.Default_Handler
                0x00002188        0x6 src\k60_startup.o
                0x00002188                CAN0_Rx_Warning_IRQHandler
                0x00002188                I2C0_IRQHandler
                0x00002188                HardFault_Handler
                0x00002188                CAN1_ORed_Message_buffer_IRQHandler
                0x00002188                UART3_RX_TX_IRQHandler
                0x00002188                NMI_Handler
                0x00002188                UART0_RX_TX_IRQHandler
                0x00002188                I2C1_IRQHandler
                0x00002188                DMA2_IRQHandler
                0x00002188                ENET_Error_IRQHandler
                0x00002188                CAN0_Tx_Warning_IRQHandler
                0x00002188                PIT0_IRQHandler
                0x00002188                CAN0_ORed_Message_buffer_IRQHandler
                0x00002188                Watchdog_IRQHandler
                0x00002188                CMP2_IRQHandler
                0x00002188                I2S0_IRQHandler
                0x00002188                TSI0_IRQHandler
                0x00002188                ENET_Receive_IRQHandler
                0x00002188                ENET_1588_Timer_IRQHandler
                0x00002188                CAN1_Error_IRQHandler
                0x00002188                UART2_RX_TX_IRQHandler
                0x00002188                ADC0_IRQHandler
                0x00002188                UsageFault_Handler
                0x00002188                CMT_IRQHandler
                0x00002188                UART4_RX_TX_IRQHandler
                0x00002188                SPI1_IRQHandler
                0x00002188                DMA9_IRQHandler
                0x00002188                DMA14_IRQHandler
                0x00002188                CMP1_IRQHandler
                0x00002188                PORTD_IRQHandler
                0x00002188                PORTB_IRQHandler
                0x00002188                UART4_ERR_IRQHandler
                0x00002188                ADC1_IRQHandler
                0x00002188                PIT2_IRQHandler
                0x00002188                LPTimer_IRQHandler
                0x00002188                DMA5_IRQHandler
                0x00002188                RTC_IRQHandler
                0x00002188                PDB0_IRQHandler
                0x00002188                CAN1_Bus_Off_IRQHandler
                0x00002188                FTM1_IRQHandler
                0x00002188                UART5_RX_TX_IRQHandler
                0x00002188                UART3_ERR_IRQHandler
                0x00002188                PIT3_IRQHandler
                0x00002188                SDHC_IRQHandler
                0x00002188                MCG_IRQHandler
                0x00002188                UART2_ERR_IRQHandler
                0x00002188                DMA11_IRQHandler
                0x00002188                UART5_ERR_IRQHandler
                0x00002188                Read_Collision_IRQHandler
                0x00002188                Default_Handler
                0x00002188                DMA7_IRQHandler
                0x00002188                ENET_Transmit_IRQHandler
                0x00002188                USBDCD_IRQHandler
                0x00002188                CAN1_Tx_Warning_IRQHandler
                0x00002188                USB0_IRQHandler
                0x00002188                LLW_IRQHandler
                0x00002188                SPI2_IRQHandler
                0x00002188                MemManage_Handler
                0x00002188                CAN1_Rx_Warning_IRQHandler
                0x00002188                CAN1_Wake_Up_IRQHandler
                0x00002188                DMA13_IRQHandler
                0x00002188                DMA3_IRQHandler
                0x00002188                DMA0_IRQHandler
                0x00002188                RNG_IRQHandler
                0x00002188                DMA15_IRQHandler
                0x00002188                DAC0_IRQHandler
                0x00002188                CAN0_Error_IRQHandler
                0x00002188                DMA4_IRQHandler
                0x00002188                PIT1_IRQHandler
                0x00002188                UART0_ERR_IRQHandler
                0x00002188                DMA_Error_IRQHandler
                0x00002188                LVD_LVW_IRQHandler
                0x00002188                SPI0_IRQHandler
                0x00002188                FTM0_IRQHandler
                0x00002188                PORTA_IRQHandler
                0x00002188                DAC1_IRQHandler
                0x00002188                MCM_IRQHandler
                0x00002188                DMA12_IRQHandler
                0x00002188                FTFL_IRQHandler
                0x00002188                CAN0_Bus_Off_IRQHandler
                0x00002188                PORTE_IRQHandler
                0x00002188                FTM2_IRQHandler
                0x00002188                BusFault_Handler
                0x00002188                DMA8_IRQHandler
                0x00002188                DMA10_IRQHandler
                0x00002188                CAN0_Wake_Up_IRQHandler
                0x00002188                DebugMonitor_Handler
                0x00002188                UART1_ERR_IRQHandler
                0x00002188                UART1_RX_TX_IRQHandler
                0x00002188                CMP0_IRQHandler
                0x00002188                PORTC_IRQHandler
                0x00002188                DMA6_IRQHandler
                0x00002188                DMA1_IRQHandler
 *fill*         0x0000218e        0x2 
 .text.Reset_Handler
                0x00002190       0x74 src\k60_startup.o
                0x00002190                Reset_Handler
 .text.NVIC_SetPriorityGrouping
                0x00002204       0x48 src\main.o
 .text.main     0x0000224c      0x110 src\main.o
                0x0000224c                main
 .text.vExampleTimerCallback
                0x0000235c       0x34 src\main.o
 .text.prvQueueSendTask
                0x00002390       0x38 src\main.o
 .text.prvQueueReceiveTask
                0x000023c8       0x34 src\main.o
 .text.prvEventSemaphoreTask
                0x000023fc       0x2c src\main.o
 .text.vApplicationTickHook
                0x00002428       0x44 src\main.o
                0x00002428                vApplicationTickHook
 .text.vApplicationMallocFailedHook
                0x0000246c        0x6 src\main.o
                0x0000246c                vApplicationMallocFailedHook
 .text.vApplicationStackOverflowHook
                0x00002472        0xc src\main.o
                0x00002472                vApplicationStackOverflowHook
 .text.vApplicationIdleHook
                0x0000247e       0x18 src\main.o
                0x0000247e                vApplicationIdleHook
 .text.prvSetupHardware
                0x00002496        0xe src\main.o
 .text.SystemInit
                0x000024a4       0x90 src\system_MK60DZ10.o
                0x000024a4                SystemInit
 .text.__libc_init_array
                0x00002534       0x48 c:/program files (x86)/atollic/truestudio for arm 8.1.0/armtools/bin/../lib/gcc/arm-atollic-eabi/6.3.1/../../../../arm-atollic-eabi/lib/armv7e-m\libc_nano.a(lib_a-init.o)
                0x00002534                __libc_init_array
 .text.memcmp   0x0000257c       0x1e c:/program files (x86)/atollic/truestudio for arm 8.1.0/armtools/bin/../lib/gcc/arm-atollic-eabi/6.3.1/../../../../arm-atollic-eabi/lib/armv7e-m\libc_nano.a(lib_a-memcmp.o)
                0x0000257c                memcmp
 .text.memcpy   0x0000259a       0x16 c:/program files (x86)/atollic/truestudio for arm 8.1.0/armtools/bin/../lib/gcc/arm-atollic-eabi/6.3.1/../../../../arm-atollic-eabi/lib/armv7e-m\libc_nano.a(lib_a-memcpy-stub.o)
                0x0000259a                memcpy
 .text.memset   0x000025b0       0x10 c:/program files (x86)/atollic/truestudio for arm 8.1.0/armtools/bin/../lib/gcc/arm-atollic-eabi/6.3.1/../../../../arm-atollic-eabi/lib/armv7e-m\libc_nano.a(lib_a-memset.o)
                0x000025b0                memset
 .text.strncpy  0x000025c0       0x2a c:/program files (x86)/atollic/truestudio for arm 8.1.0/armtools/bin/../lib/gcc/arm-atollic-eabi/6.3.1/../../../../arm-atollic-eabi/lib/armv7e-m\libc_nano.a(lib_a-strncpy.o)
                0x000025c0                strncpy
 *(.rodata)
 *fill*         0x000025ea        0x2 
 .rodata        0x000025ec        0x5 FreeRTOS_Source\tasks.o
 *fill*         0x000025f1        0x3 
 .rodata        0x000025f4        0x8 FreeRTOS_Source\timers.o
 .rodata        0x000025fc       0x31 src\main.o
 *(.rodata*)
 *fill*         0x0000262d        0x3 
 .rodata.ucExpectedStackBytes.6072
                0x00002630       0x14 FreeRTOS_Source\tasks.o
 *(.glue_7)
 .glue_7        0x00002644        0x0 linker stubs
 *(.glue_7t)
 .glue_7t       0x00002644        0x0 linker stubs
 *(.eh_frame)
 .eh_frame      0x00002644        0x0 c:/program files (x86)/atollic/truestudio for arm 8.1.0/armtools/bin/../lib/gcc/arm-atollic-eabi/6.3.1/armv7e-m/crtbegin.o
 *(.init)
 .init          0x00002644        0x4 c:/program files (x86)/atollic/truestudio for arm 8.1.0/armtools/bin/../lib/gcc/arm-atollic-eabi/6.3.1/armv7e-m/crti.o
                0x00002644                _init
 .init          0x00002648        0x8 c:/program files (x86)/atollic/truestudio for arm 8.1.0/armtools/bin/../lib/gcc/arm-atollic-eabi/6.3.1/armv7e-m/crtn.o
 *(.fini)
 .fini          0x00002650        0x4 c:/program files (x86)/atollic/truestudio for arm 8.1.0/armtools/bin/../lib/gcc/arm-atollic-eabi/6.3.1/armv7e-m/crti.o
                0x00002650                _fini
 .fini          0x00002654        0x8 c:/program files (x86)/atollic/truestudio for arm 8.1.0/armtools/bin/../lib/gcc/arm-atollic-eabi/6.3.1/armv7e-m/crtn.o
                0x0000265c                . = ALIGN (0x4)
                0x0000265c                _etext = .

.vfp11_veneer   0x0000265c        0x0
 .vfp11_veneer  0x0000265c        0x0 linker stubs

.v4_bx          0x0000265c        0x0
 .v4_bx         0x0000265c        0x0 linker stubs

.iplt           0x0000265c        0x0
 .iplt          0x0000265c        0x0 c:/program files (x86)/atollic/truestudio for arm 8.1.0/armtools/bin/../lib/gcc/arm-atollic-eabi/6.3.1/armv7e-m/crtbegin.o

.rel.dyn        0x0000265c        0x0
 .rel.iplt      0x0000265c        0x0 c:/program files (x86)/atollic/truestudio for arm 8.1.0/armtools/bin/../lib/gcc/arm-atollic-eabi/6.3.1/armv7e-m/crtbegin.o

.ARM.extab
 *(.ARM.extab* .gnu.linkonce.armextab.*)

.ARM            0x0000265c        0x0
                0x0000265c                __exidx_start = .
 *(.ARM.exidx*)
                0x0000265c                __exidx_end = .

.preinit_array  0x0000265c        0x0
                0x0000265c                PROVIDE (__preinit_array_start, .)
 *(.preinit_array*)
                0x0000265c                PROVIDE (__preinit_array_end, .)

.init_array     0x0000265c        0x4
                0x0000265c                PROVIDE (__init_array_start, .)
 *(SORT(.init_array.*))
 *(.init_array*)
 .init_array    0x0000265c        0x4 c:/program files (x86)/atollic/truestudio for arm 8.1.0/armtools/bin/../lib/gcc/arm-atollic-eabi/6.3.1/armv7e-m/crtbegin.o
                0x00002660                PROVIDE (__init_array_end, .)

.fini_array     0x00002660        0x4
                [!provide]                PROVIDE (__fini_array_start, .)
 *(SORT(.fini_array.*))
 *(.fini_array*)
 .fini_array    0x00002660        0x4 c:/program files (x86)/atollic/truestudio for arm 8.1.0/armtools/bin/../lib/gcc/arm-atollic-eabi/6.3.1/armv7e-m/crtbegin.o
                [!provide]                PROVIDE (__fini_array_end, .)
                0x00002664                _sidata = LOADADDR (.data)

.data           0x1fff0000        0x8 load address 0x00002664
                0x1fff0000                . = ALIGN (0x4)
                0x1fff0000                _sdata = .
 *(.data)
 *(.data*)
 .data.uxCriticalNesting
                0x1fff0000        0x4 FreeRTOS_Source\portable\GCC\ARM_CM3\port.o
 .data.xNextTaskUnblockTime
                0x1fff0004        0x4 FreeRTOS_Source\tasks.o
                0x1fff0008                . = ALIGN (0x4)
                0x1fff0008                _edata = .

.igot.plt       0x1fff0008        0x0 load address 0x0000266c
 .igot.plt      0x1fff0008        0x0 c:/program files (x86)/atollic/truestudio for arm 8.1.0/armtools/bin/../lib/gcc/arm-atollic-eabi/6.3.1/armv7e-m/crtbegin.o
                0x1fff0008                . = ALIGN (0x4)

.bss            0x1fff0008     0x1df4 load address 0x0000266c
                0x1fff0008                _sbss = .
                0x1fff0008                __bss_start__ = _sbss
 *(.bss)
 .bss           0x1fff0008       0x1c c:/program files (x86)/atollic/truestudio for arm 8.1.0/armtools/bin/../lib/gcc/arm-atollic-eabi/6.3.1/armv7e-m/crtbegin.o
 *(.bss*)
 *fill*         0x1fff0024        0x4 
 .bss.xHeap     0x1fff0028     0x1c00 FreeRTOS_Source\portable\MemMang\heap_1.o
 .bss.xNextFreeByte
                0x1fff1c28        0x4 FreeRTOS_Source\portable\MemMang\heap_1.o
 .bss.pxCurrentTCB
                0x1fff1c2c        0x4 FreeRTOS_Source\tasks.o
                0x1fff1c2c                pxCurrentTCB
 .bss.pxReadyTasksLists
                0x1fff1c30       0x64 FreeRTOS_Source\tasks.o
 .bss.xDelayedTaskList1
                0x1fff1c94       0x14 FreeRTOS_Source\tasks.o
 .bss.xDelayedTaskList2
                0x1fff1ca8       0x14 FreeRTOS_Source\tasks.o
 .bss.pxDelayedTaskList
                0x1fff1cbc        0x4 FreeRTOS_Source\tasks.o
 .bss.pxOverflowDelayedTaskList
                0x1fff1cc0        0x4 FreeRTOS_Source\tasks.o
 .bss.xPendingReadyList
                0x1fff1cc4       0x14 FreeRTOS_Source\tasks.o
 .bss.xTasksWaitingTermination
                0x1fff1cd8       0x14 FreeRTOS_Source\tasks.o
 .bss.uxTasksDeleted
                0x1fff1cec        0x4 FreeRTOS_Source\tasks.o
 .bss.xSuspendedTaskList
                0x1fff1cf0       0x14 FreeRTOS_Source\tasks.o
 .bss.uxCurrentNumberOfTasks
                0x1fff1d04        0x4 FreeRTOS_Source\tasks.o
 .bss.xTickCount
                0x1fff1d08        0x4 FreeRTOS_Source\tasks.o
 .bss.uxTopUsedPriority
                0x1fff1d0c        0x4 FreeRTOS_Source\tasks.o
 .bss.uxTopReadyPriority
                0x1fff1d10        0x4 FreeRTOS_Source\tasks.o
 .bss.xSchedulerRunning
                0x1fff1d14        0x4 FreeRTOS_Source\tasks.o
 .bss.uxSchedulerSuspended
                0x1fff1d18        0x4 FreeRTOS_Source\tasks.o
 .bss.uxMissedTicks
                0x1fff1d1c        0x4 FreeRTOS_Source\tasks.o
 .bss.xMissedYield
                0x1fff1d20        0x4 FreeRTOS_Source\tasks.o
 .bss.xNumOfOverflows
                0x1fff1d24        0x4 FreeRTOS_Source\tasks.o
 .bss.uxTaskNumber
                0x1fff1d28        0x4 FreeRTOS_Source\tasks.o
 .bss.xActiveTimerList1
                0x1fff1d2c       0x14 FreeRTOS_Source\timers.o
 .bss.xActiveTimerList2
                0x1fff1d40       0x14 FreeRTOS_Source\timers.o
 .bss.pxCurrentTimerList
                0x1fff1d54        0x4 FreeRTOS_Source\timers.o
 .bss.pxOverflowTimerList
                0x1fff1d58        0x4 FreeRTOS_Source\timers.o
 .bss.xTimerQueue
                0x1fff1d5c        0x4 FreeRTOS_Source\timers.o
 .bss.xLastTime.4485
                0x1fff1d60        0x4 FreeRTOS_Source\timers.o
 .bss.xQueue    0x1fff1d64        0x4 src\main.o
 .bss.xEventSemaphore
                0x1fff1d68        0x4 src\main.o
 .bss.ulCountOfTimerCallbackExecutions
                0x1fff1d6c        0x4 src\main.o
 .bss.ulCountOfItemsReceivedOnQueue
                0x1fff1d70        0x4 src\main.o
 .bss.ulCountOfReceivedSemaphores
                0x1fff1d74        0x4 src\main.o
 .bss.ulCount.6083
                0x1fff1d78        0x4 src\main.o
 *(COMMON)
 COMMON         0x1fff1d7c       0x80 FreeRTOS_Source\queue.o
                0x1fff1d7c                xQueueRegistry
                0x1fff1dfc                . = ALIGN (0x4)
                0x1fff1dfc                _ebss = .
                0x1fff1dfc                __bss_end__ = _ebss

._user_heap_stack
                0x1fff1dfc      0x400 load address 0x0000266c
                0x1fff1dfc                . = ALIGN (0x4)
                [!provide]                PROVIDE (end, .)
                [!provide]                PROVIDE (_end, .)
                0x1fff1dfc                . = (. + _Min_Heap_Size)
                0x1fff21fc                . = (. + _Min_Stack_Size)
 *fill*         0x1fff1dfc      0x400 
                0x1fff21fc                . = ALIGN (0x4)

/DISCARD/
 libc.a(*)
 libm.a(*)
 libgcc.a(*)

.ARM.attributes
                0x00000000       0x2c
 *(.ARM.attributes)
 .ARM.attributes
                0x00000000       0x1e c:/program files (x86)/atollic/truestudio for arm 8.1.0/armtools/bin/../lib/gcc/arm-atollic-eabi/6.3.1/armv7e-m/crti.o
 .ARM.attributes
                0x0000001e       0x2e c:/program files (x86)/atollic/truestudio for arm 8.1.0/armtools/bin/../lib/gcc/arm-atollic-eabi/6.3.1/armv7e-m/crtbegin.o
 .ARM.attributes
                0x0000004c       0x33 FreeRTOS_Source\list.o
 .ARM.attributes
                0x0000007f       0x33 FreeRTOS_Source\portable\GCC\ARM_CM3\port.o
 .ARM.attributes
                0x000000b2       0x33 FreeRTOS_Source\portable\MemMang\heap_1.o
 .ARM.attributes
                0x000000e5       0x33 FreeRTOS_Source\queue.o
 .ARM.attributes
                0x00000118       0x33 FreeRTOS_Source\tasks.o
 .ARM.attributes
                0x0000014b       0x33 FreeRTOS_Source\timers.o
 .ARM.attributes
                0x0000017e       0x33 src\k60_startup.o
 .ARM.attributes
                0x000001b1       0x33 src\main.o
 .ARM.attributes
                0x000001e4       0x33 src\system_MK60DZ10.o
 .ARM.attributes
                0x00000217       0x2e c:/program files (x86)/atollic/truestudio for arm 8.1.0/armtools/bin/../lib/gcc/arm-atollic-eabi/6.3.1/../../../../arm-atollic-eabi/lib/armv7e-m\libc_nano.a(lib_a-init.o)
 .ARM.attributes
                0x00000245       0x2e c:/program files (x86)/atollic/truestudio for arm 8.1.0/armtools/bin/../lib/gcc/arm-atollic-eabi/6.3.1/../../../../arm-atollic-eabi/lib/armv7e-m\libc_nano.a(lib_a-memcmp.o)
 .ARM.attributes
                0x00000273       0x2e c:/program files (x86)/atollic/truestudio for arm 8.1.0/armtools/bin/../lib/gcc/arm-atollic-eabi/6.3.1/../../../../arm-atollic-eabi/lib/armv7e-m\libc_nano.a(lib_a-memcpy-stub.o)
 .ARM.attributes
                0x000002a1       0x2e c:/program files (x86)/atollic/truestudio for arm 8.1.0/armtools/bin/../lib/gcc/arm-atollic-eabi/6.3.1/../../../../arm-atollic-eabi/lib/armv7e-m\libc_nano.a(lib_a-memset.o)
 .ARM.attributes
                0x000002cf       0x2e c:/program files (x86)/atollic/truestudio for arm 8.1.0/armtools/bin/../lib/gcc/arm-atollic-eabi/6.3.1/../../../../arm-atollic-eabi/lib/armv7e-m\libc_nano.a(lib_a-strncpy.o)
 .ARM.attributes
                0x000002fd       0x1e c:/program files (x86)/atollic/truestudio for arm 8.1.0/armtools/bin/../lib/gcc/arm-atollic-eabi/6.3.1/armv7e-m/crtn.o
OUTPUT(TWR-K60N512_FreeRTOS_Simple_Demo.elf elf32-littlearm)

.debug_info     0x00000000     0x4ea2
 .debug_info    0x00000000      0xa9e FreeRTOS_Source\list.o
 .debug_info    0x00000a9e      0x1bf FreeRTOS_Source\portable\GCC\ARM_CM3\port.o
 .debug_info    0x00000c5d      0x991 FreeRTOS_Source\portable\MemMang\heap_1.o
 .debug_info    0x000015ee     0x1071 FreeRTOS_Source\queue.o
 .debug_info    0x0000265f     0x158d FreeRTOS_Source\tasks.o
 .debug_info    0x00003bec      0x6ee FreeRTOS_Source\timers.o
 .debug_info    0x000042da      0x257 src\k60_startup.o
 .debug_info    0x00004531      0x50e src\main.o
 .debug_info    0x00004a3f      0x463 src\system_MK60DZ10.o

.debug_abbrev   0x00000000      0xfa5
 .debug_abbrev  0x00000000      0x1b0 FreeRTOS_Source\list.o
 .debug_abbrev  0x000001b0      0x12e FreeRTOS_Source\portable\GCC\ARM_CM3\port.o
 .debug_abbrev  0x000002de      0x225 FreeRTOS_Source\portable\MemMang\heap_1.o
 .debug_abbrev  0x00000503      0x273 FreeRTOS_Source\queue.o
 .debug_abbrev  0x00000776      0x2c5 FreeRTOS_Source\tasks.o
 .debug_abbrev  0x00000a3b      0x18f FreeRTOS_Source\timers.o
 .debug_abbrev  0x00000bca      0x105 src\k60_startup.o
 .debug_abbrev  0x00000ccf      0x1b2 src\main.o
 .debug_abbrev  0x00000e81      0x124 src\system_MK60DZ10.o

.debug_aranges  0x00000000      0x420
 .debug_aranges
                0x00000000       0x40 FreeRTOS_Source\list.o
 .debug_aranges
                0x00000040       0x70 FreeRTOS_Source\portable\GCC\ARM_CM3\port.o
 .debug_aranges
                0x000000b0       0x38 FreeRTOS_Source\portable\MemMang\heap_1.o
 .debug_aranges
                0x000000e8       0xb8 FreeRTOS_Source\queue.o
 .debug_aranges
                0x000001a0      0x138 FreeRTOS_Source\tasks.o
 .debug_aranges
                0x000002d8       0x88 FreeRTOS_Source\timers.o
 .debug_aranges
                0x00000360       0x28 src\k60_startup.o
 .debug_aranges
                0x00000388       0x70 src\main.o
 .debug_aranges
                0x000003f8       0x28 src\system_MK60DZ10.o

.debug_ranges   0x00000000      0x390
 .debug_ranges  0x00000000       0x30 FreeRTOS_Source\list.o
 .debug_ranges  0x00000030       0x60 FreeRTOS_Source\portable\GCC\ARM_CM3\port.o
 .debug_ranges  0x00000090       0x28 FreeRTOS_Source\portable\MemMang\heap_1.o
 .debug_ranges  0x000000b8       0xa8 FreeRTOS_Source\queue.o
 .debug_ranges  0x00000160      0x128 FreeRTOS_Source\tasks.o
 .debug_ranges  0x00000288       0x78 FreeRTOS_Source\timers.o
 .debug_ranges  0x00000300       0x18 src\k60_startup.o
 .debug_ranges  0x00000318       0x60 src\main.o
 .debug_ranges  0x00000378       0x18 src\system_MK60DZ10.o

.debug_line     0x00000000     0x1d72
 .debug_line    0x00000000      0x273 FreeRTOS_Source\list.o
 .debug_line    0x00000273      0x168 FreeRTOS_Source\portable\GCC\ARM_CM3\port.o
 .debug_line    0x000003db      0x201 FreeRTOS_Source\portable\MemMang\heap_1.o
 .debug_line    0x000005dc      0x590 FreeRTOS_Source\queue.o
 .debug_line    0x00000b6c      0x824 FreeRTOS_Source\tasks.o
 .debug_line    0x00001390      0x285 FreeRTOS_Source\timers.o
 .debug_line    0x00001615      0x1bd src\k60_startup.o
 .debug_line    0x000017d2      0x39c src\main.o
 .debug_line    0x00001b6e      0x204 src\system_MK60DZ10.o

.debug_str      0x00000000     0x1ae1
 .debug_str     0x00000000      0x699 FreeRTOS_Source\list.o
                                0x710 (size before relaxing)
 .debug_str     0x00000699      0x152 FreeRTOS_Source\portable\GCC\ARM_CM3\port.o
                                0x2ca (size before relaxing)
 .debug_str     0x000007eb       0xd5 FreeRTOS_Source\portable\MemMang\heap_1.o
                                0x6a1 (size before relaxing)
 .debug_str     0x000008c0      0x3bf FreeRTOS_Source\queue.o
                                0xa58 (size before relaxing)
 .debug_str     0x00000c7f      0x6c4 FreeRTOS_Source\tasks.o
                                0xdc5 (size before relaxing)
 .debug_str     0x00001343      0x34c FreeRTOS_Source\timers.o
                                0x5c5 (size before relaxing)
 .debug_str     0x0000168f      0x118 src\k60_startup.o
                                0x2c5 (size before relaxing)
 .debug_str     0x000017a7      0x228 src\main.o
                                0x4bf (size before relaxing)
 .debug_str     0x000019cf      0x112 src\system_MK60DZ10.o
                                0x367 (size before relaxing)

.comment        0x00000000       0x7c
 .comment       0x00000000       0x7c FreeRTOS_Source\list.o
                                 0x7d (size before relaxing)
 .comment       0x0000007c       0x7d FreeRTOS_Source\portable\GCC\ARM_CM3\port.o
 .comment       0x0000007c       0x7d FreeRTOS_Source\portable\MemMang\heap_1.o
 .comment       0x0000007c       0x7d FreeRTOS_Source\queue.o
 .comment       0x0000007c       0x7d FreeRTOS_Source\tasks.o
 .comment       0x0000007c       0x7d FreeRTOS_Source\timers.o
 .comment       0x0000007c       0x7d src\k60_startup.o
 .comment       0x0000007c       0x7d src\main.o
 .comment       0x0000007c       0x7d src\system_MK60DZ10.o

.debug_frame    0x00000000      0xfb0
 .debug_frame   0x00000000       0xd8 FreeRTOS_Source\list.o
 .debug_frame   0x000000d8      0x148 FreeRTOS_Source\portable\GCC\ARM_CM3\port.o
 .debug_frame   0x00000220       0x9c FreeRTOS_Source\portable\MemMang\heap_1.o
 .debug_frame   0x000002bc      0x2f4 FreeRTOS_Source\queue.o
 .debug_frame   0x000005b0      0x524 FreeRTOS_Source\tasks.o
 .debug_frame   0x00000ad4      0x20c FreeRTOS_Source\timers.o
 .debug_frame   0x00000ce0       0x38 src\k60_startup.o
 .debug_frame   0x00000d18      0x178 src\main.o
 .debug_frame   0x00000e90       0x58 src\system_MK60DZ10.o
 .debug_frame   0x00000ee8       0x2c c:/program files (x86)/atollic/truestudio for arm 8.1.0/armtools/bin/../lib/gcc/arm-atollic-eabi/6.3.1/../../../../arm-atollic-eabi/lib/armv7e-m\libc_nano.a(lib_a-init.o)
 .debug_frame   0x00000f14       0x28 c:/program files (x86)/atollic/truestudio for arm 8.1.0/armtools/bin/../lib/gcc/arm-atollic-eabi/6.3.1/../../../../arm-atollic-eabi/lib/armv7e-m\libc_nano.a(lib_a-memcmp.o)
 .debug_frame   0x00000f3c       0x28 c:/program files (x86)/atollic/truestudio for arm 8.1.0/armtools/bin/../lib/gcc/arm-atollic-eabi/6.3.1/../../../../arm-atollic-eabi/lib/armv7e-m\libc_nano.a(lib_a-memcpy-stub.o)
 .debug_frame   0x00000f64       0x20 c:/program files (x86)/atollic/truestudio for arm 8.1.0/armtools/bin/../lib/gcc/arm-atollic-eabi/6.3.1/../../../../arm-atollic-eabi/lib/armv7e-m\libc_nano.a(lib_a-memset.o)
 .debug_frame   0x00000f84       0x2c c:/program files (x86)/atollic/truestudio for arm 8.1.0/armtools/bin/../lib/gcc/arm-atollic-eabi/6.3.1/../../../../arm-atollic-eabi/lib/armv7e-m\libc_nano.a(lib_a-strncpy.o)

.stabstr        0x00000000       0x3f
 .stabstr       0x00000000       0x3f c:/program files (x86)/atollic/truestudio for arm 8.1.0/armtools/bin/../lib/gcc/arm-atollic-eabi/6.3.1/../../../../arm-atollic-eabi/lib/armv7e-m\libnosys.a(write.o)

Cross Reference Table

Symbol                                            File
ADC0_IRQHandler                                   src\k60_startup.o
ADC1_IRQHandler                                   src\k60_startup.o
BusFault_Handler                                  src\k60_startup.o
CAN0_Bus_Off_IRQHandler                           src\k60_startup.o
CAN0_Error_IRQHandler                             src\k60_startup.o
CAN0_ORed_Message_buffer_IRQHandler               src\k60_startup.o
CAN0_Rx_Warning_IRQHandler                        src\k60_startup.o
CAN0_Tx_Warning_IRQHandler                        src\k60_startup.o
CAN0_Wake_Up_IRQHandler                           src\k60_startup.o
CAN1_Bus_Off_IRQHandler                           src\k60_startup.o
CAN1_Error_IRQHandler                             src\k60_startup.o
CAN1_ORed_Message_buffer_IRQHandler               src\k60_startup.o
CAN1_Rx_Warning_IRQHandler                        src\k60_startup.o
CAN1_Tx_Warning_IRQHandler                        src\k60_startup.o
CAN1_Wake_Up_IRQHandler                           src\k60_startup.o
CMP0_IRQHandler                                   src\k60_startup.o
CMP1_IRQHandler                                   src\k60_startup.o
CMP2_IRQHandler                                   src\k60_startup.o
CMT_IRQHandler                                    src\k60_startup.o
DAC0_IRQHandler                                   src\k60_startup.o
DAC1_IRQHandler                                   src\k60_startup.o
DMA0_IRQHandler                                   src\k60_startup.o
DMA10_IRQHandler                                  src\k60_startup.o
DMA11_IRQHandler                                  src\k60_startup.o
DMA12_IRQHandler                                  src\k60_startup.o
DMA13_IRQHandler                                  src\k60_startup.o
DMA14_IRQHandler                                  src\k60_startup.o
DMA15_IRQHandler                                  src\k60_startup.o
DMA1_IRQHandler                                   src\k60_startup.o
DMA2_IRQHandler                                   src\k60_startup.o
DMA3_IRQHandler                                   src\k60_startup.o
DMA4_IRQHandler                                   src\k60_startup.o
DMA5_IRQHandler                                   src\k60_startup.o
DMA6_IRQHandler                                   src\k60_startup.o
DMA7_IRQHandler                                   src\k60_startup.o
DMA8_IRQHandler                                   src\k60_startup.o
DMA9_IRQHandler                                   src\k60_startup.o
DMA_Error_IRQHandler                              src\k60_startup.o
DebugMonitor_Handler                              src\k60_startup.o
Default_Handler                                   src\k60_startup.o
ENET_1588_Timer_IRQHandler                        src\k60_startup.o
ENET_Error_IRQHandler                             src\k60_startup.o
ENET_Receive_IRQHandler                           src\k60_startup.o
ENET_Transmit_IRQHandler                          src\k60_startup.o
FTFL_IRQHandler                                   src\k60_startup.o
FTM0_IRQHandler                                   src\k60_startup.o
FTM1_IRQHandler                                   src\k60_startup.o
FTM2_IRQHandler                                   src\k60_startup.o
HardFault_Handler                                 src\k60_startup.o
I2C0_IRQHandler                                   src\k60_startup.o
I2C1_IRQHandler                                   src\k60_startup.o
I2S0_IRQHandler                                   src\k60_startup.o
InterruptVector                                   src\k60_startup.o
LLW_IRQHandler                                    src\k60_startup.o
LPTimer_IRQHandler                                src\k60_startup.o
LVD_LVW_IRQHandler                                src\k60_startup.o
MCG_IRQHandler                                    src\k60_startup.o
MCM_IRQHandler                                    src\k60_startup.o
MemManage_Handler                                 src\k60_startup.o
NMI_Handler                                       src\k60_startup.o
PDB0_IRQHandler                                   src\k60_startup.o
PIT0_IRQHandler                                   src\k60_startup.o
PIT1_IRQHandler                                   src\k60_startup.o
PIT2_IRQHandler                                   src\k60_startup.o
PIT3_IRQHandler                                   src\k60_startup.o
PORTA_IRQHandler                                  src\k60_startup.o
PORTB_IRQHandler                                  src\k60_startup.o
PORTC_IRQHandler                                  src\k60_startup.o
PORTD_IRQHandler                                  src\k60_startup.o
PORTE_IRQHandler                                  src\k60_startup.o
PendSV_Handler                                    FreeRTOS_Source\portable\GCC\ARM_CM3\port.o
RNG_IRQHandler                                    src\k60_startup.o
RTC_IRQHandler                                    src\k60_startup.o
Read_Collision_IRQHandler                         src\k60_startup.o
Reset_Handler                                     src\k60_startup.o
SDHC_IRQHandler                                   src\k60_startup.o
SPI0_IRQHandler                                   src\k60_startup.o
SPI1_IRQHandler                                   src\k60_startup.o
SPI2_IRQHandler                                   src\k60_startup.o
SVC_Handler                                       FreeRTOS_Source\portable\GCC\ARM_CM3\port.o
SysTick_Handler                                   FreeRTOS_Source\portable\GCC\ARM_CM3\port.o
SystemCoreClock                                   src\system_MK60DZ10.o
SystemCoreClockUpdate                             src\system_MK60DZ10.o
SystemInit                                        src\system_MK60DZ10.o
                                                  src\k60_startup.o
TSI0_IRQHandler                                   src\k60_startup.o
UART0_ERR_IRQHandler                              src\k60_startup.o
UART0_RX_TX_IRQHandler                            src\k60_startup.o
UART1_ERR_IRQHandler                              src\k60_startup.o
UART1_RX_TX_IRQHandler                            src\k60_startup.o
UART2_ERR_IRQHandler                              src\k60_startup.o
UART2_RX_TX_IRQHandler                            src\k60_startup.o
UART3_ERR_IRQHandler                              src\k60_startup.o
UART3_RX_TX_IRQHandler                            src\k60_startup.o
UART4_ERR_IRQHandler                              src\k60_startup.o
UART4_RX_TX_IRQHandler                            src\k60_startup.o
UART5_ERR_IRQHandler                              src\k60_startup.o
UART5_RX_TX_IRQHandler                            src\k60_startup.o
USB0_IRQHandler                                   src\k60_startup.o
USBDCD_IRQHandler                                 src\k60_startup.o
UsageFault_Handler                                src\k60_startup.o
Watchdog_IRQHandler                               src\k60_startup.o
__deregister_frame_info                           c:/program files (x86)/atollic/truestudio for arm 8.1.0/armtools/bin/../lib/gcc/arm-atollic-eabi/6.3.1/armv7e-m/crtbegin.o
__dso_handle                                      c:/program files (x86)/atollic/truestudio for arm 8.1.0/armtools/bin/../lib/gcc/arm-atollic-eabi/6.3.1/armv7e-m/crtbegin.o
__init_array_end                                  c:/program files (x86)/atollic/truestudio for arm 8.1.0/armtools/bin/../lib/gcc/arm-atollic-eabi/6.3.1/../../../../arm-atollic-eabi/lib/armv7e-m\libc_nano.a(lib_a-init.o)
__init_array_start                                c:/program files (x86)/atollic/truestudio for arm 8.1.0/armtools/bin/../lib/gcc/arm-atollic-eabi/6.3.1/../../../../arm-atollic-eabi/lib/armv7e-m\libc_nano.a(lib_a-init.o)
__libc_init_array                                 c:/program files (x86)/atollic/truestudio for arm 8.1.0/armtools/bin/../lib/gcc/arm-atollic-eabi/6.3.1/../../../../arm-atollic-eabi/lib/armv7e-m\libc_nano.a(lib_a-init.o)
                                                  src\k60_startup.o
__preinit_array_end                               c:/program files (x86)/atollic/truestudio for arm 8.1.0/armtools/bin/../lib/gcc/arm-atollic-eabi/6.3.1/../../../../arm-atollic-eabi/lib/armv7e-m\libc_nano.a(lib_a-init.o)
__preinit_array_start                             c:/program files (x86)/atollic/truestudio for arm 8.1.0/armtools/bin/../lib/gcc/arm-atollic-eabi/6.3.1/../../../../arm-atollic-eabi/lib/armv7e-m\libc_nano.a(lib_a-init.o)
__register_frame_info                             c:/program files (x86)/atollic/truestudio for arm 8.1.0/armtools/bin/../lib/gcc/arm-atollic-eabi/6.3.1/armv7e-m/crtbegin.o
_ebss                                             src\k60_startup.o
_edata                                            src\k60_startup.o
_estack                                           src\k60_startup.o
_fini                                             c:/program files (x86)/atollic/truestudio for arm 8.1.0/armtools/bin/../lib/gcc/arm-atollic-eabi/6.3.1/armv7e-m/crti.o
_init                                             c:/program files (x86)/atollic/truestudio for arm 8.1.0/armtools/bin/../lib/gcc/arm-atollic-eabi/6.3.1/armv7e-m/crti.o
                                                  c:/program files (x86)/atollic/truestudio for arm 8.1.0/armtools/bin/../lib/gcc/arm-atollic-eabi/6.3.1/../../../../arm-atollic-eabi/lib/armv7e-m\libc_nano.a(lib_a-init.o)
_sbss                                             src\k60_startup.o
_sdata                                            src\k60_startup.o
_sidata                                           src\k60_startup.o
_write                                            c:/program files (x86)/atollic/truestudio for arm 8.1.0/armtools/bin/../lib/gcc/arm-atollic-eabi/6.3.1/../../../../arm-atollic-eabi/lib/armv7e-m\libnosys.a(write.o)
                                                  src\tiny_printf.o
errno                                             c:/program files (x86)/atollic/truestudio for arm 8.1.0/armtools/bin/../lib/gcc/arm-atollic-eabi/6.3.1/../../../../arm-atollic-eabi/lib/armv7e-m\libnosys.a(errno.o)
                                                  c:/program files (x86)/atollic/truestudio for arm 8.1.0/armtools/bin/../lib/gcc/arm-atollic-eabi/6.3.1/../../../../arm-atollic-eabi/lib/armv7e-m\libnosys.a(write.o)
fprintf                                           src\tiny_printf.o
main                                              src\main.o
                                                  src\k60_startup.o
memcmp                                            c:/program files (x86)/atollic/truestudio for arm 8.1.0/armtools/bin/../lib/gcc/arm-atollic-eabi/6.3.1/../../../../arm-atollic-eabi/lib/armv7e-m\libc_nano.a(lib_a-memcmp.o)
                                                  FreeRTOS_Source\tasks.o
memcpy                                            c:/program files (x86)/atollic/truestudio for arm 8.1.0/armtools/bin/../lib/gcc/arm-atollic-eabi/6.3.1/../../../../arm-atollic-eabi/lib/armv7e-m\libc_nano.a(lib_a-memcpy-stub.o)
                                                  FreeRTOS_Source\queue.o
memset                                            c:/program files (x86)/atollic/truestudio for arm 8.1.0/armtools/bin/../lib/gcc/arm-atollic-eabi/6.3.1/../../../../arm-atollic-eabi/lib/armv7e-m\libc_nano.a(lib_a-memset.o)
                                                  FreeRTOS_Source\tasks.o
printf                                            src\tiny_printf.o
pvPortMalloc                                      FreeRTOS_Source\portable\MemMang\heap_1.o
                                                  FreeRTOS_Source\timers.o
                                                  FreeRTOS_Source\tasks.o
                                                  FreeRTOS_Source\queue.o
pvTimerGetTimerID                                 FreeRTOS_Source\timers.o
pxCurrentTCB                                      FreeRTOS_Source\tasks.o
                                                  FreeRTOS_Source\portable\GCC\ARM_CM3\port.o
pxPortInitialiseStack                             FreeRTOS_Source\portable\GCC\ARM_CM3\port.o
                                                  FreeRTOS_Source\tasks.o
sprintf                                           src\tiny_printf.o
strncpy                                           c:/program files (x86)/atollic/truestudio for arm 8.1.0/armtools/bin/../lib/gcc/arm-atollic-eabi/6.3.1/../../../../arm-atollic-eabi/lib/armv7e-m\libc_nano.a(lib_a-strncpy.o)
                                                  FreeRTOS_Source\tasks.o
ts_formatlength                                   src\tiny_printf.o
ts_formatstring                                   src\tiny_printf.o
ts_itoa                                           src\tiny_printf.o
ulKernelPriority                                  FreeRTOS_Source\portable\GCC\ARM_CM3\port.o
uxQueueMessagesWaiting                            FreeRTOS_Source\queue.o
uxQueueMessagesWaitingFromISR                     FreeRTOS_Source\queue.o
uxTaskGetNumberOfTasks                            FreeRTOS_Source\tasks.o
uxTaskPriorityGet                                 FreeRTOS_Source\tasks.o
vApplicationIdleHook                              src\main.o
                                                  FreeRTOS_Source\tasks.o
vApplicationMallocFailedHook                      src\main.o
                                                  FreeRTOS_Source\portable\MemMang\heap_1.o
vApplicationStackOverflowHook                     src\main.o
                                                  FreeRTOS_Source\tasks.o
vApplicationTickHook                              src\main.o
                                                  FreeRTOS_Source\tasks.o
vListInitialise                                   FreeRTOS_Source\list.o
                                                  FreeRTOS_Source\timers.o
                                                  FreeRTOS_Source\tasks.o
                                                  FreeRTOS_Source\queue.o
vListInitialiseItem                               FreeRTOS_Source\list.o
                                                  FreeRTOS_Source\timers.o
                                                  FreeRTOS_Source\tasks.o
vListInsert                                       FreeRTOS_Source\list.o
                                                  FreeRTOS_Source\timers.o
                                                  FreeRTOS_Source\tasks.o
vListInsertEnd                                    FreeRTOS_Source\list.o
                                                  FreeRTOS_Source\tasks.o
vListRemove                                       FreeRTOS_Source\list.o
                                                  FreeRTOS_Source\timers.o
                                                  FreeRTOS_Source\tasks.o
vPortEndScheduler                                 FreeRTOS_Source\portable\GCC\ARM_CM3\port.o
                                                  FreeRTOS_Source\tasks.o
vPortEnterCritical                                FreeRTOS_Source\portable\GCC\ARM_CM3\port.o
                                                  FreeRTOS_Source\timers.o
                                                  FreeRTOS_Source\tasks.o
                                                  FreeRTOS_Source\queue.o
vPortExitCritical                                 FreeRTOS_Source\portable\GCC\ARM_CM3\port.o
                                                  FreeRTOS_Source\timers.o
                                                  FreeRTOS_Source\tasks.o
                                                  FreeRTOS_Source\queue.o
vPortFree                                         FreeRTOS_Source\portable\MemMang\heap_1.o
                                                  FreeRTOS_Source\timers.o
                                                  FreeRTOS_Source\tasks.o
                                                  FreeRTOS_Source\queue.o
vPortInitialiseBlocks                             FreeRTOS_Source\portable\MemMang\heap_1.o
vPortYieldFromISR                                 FreeRTOS_Source\portable\GCC\ARM_CM3\port.o
                                                  FreeRTOS_Source\timers.o
                                                  FreeRTOS_Source\tasks.o
                                                  FreeRTOS_Source\queue.o
vQueueAddToRegistry                               FreeRTOS_Source\queue.o
                                                  src\main.o
vQueueDelete                                      FreeRTOS_Source\queue.o
vQueueWaitForMessageRestricted                    FreeRTOS_Source\queue.o
                                                  FreeRTOS_Source\timers.o
vTaskDelay                                        FreeRTOS_Source\tasks.o
vTaskDelayUntil                                   FreeRTOS_Source\tasks.o
                                                  src\main.o
vTaskDelete                                       FreeRTOS_Source\tasks.o
vTaskEndScheduler                                 FreeRTOS_Source\tasks.o
vTaskIncrementTick                                FreeRTOS_Source\tasks.o
                                                  FreeRTOS_Source\portable\GCC\ARM_CM3\port.o
vTaskMissedYield                                  FreeRTOS_Source\tasks.o
                                                  FreeRTOS_Source\queue.o
vTaskPlaceOnEventList                             FreeRTOS_Source\tasks.o
                                                  FreeRTOS_Source\queue.o
vTaskPlaceOnEventListRestricted                   FreeRTOS_Source\tasks.o
                                                  FreeRTOS_Source\queue.o
vTaskPriorityDisinherit                           FreeRTOS_Source\tasks.o
                                                  FreeRTOS_Source\queue.o
vTaskPriorityInherit                              FreeRTOS_Source\tasks.o
                                                  FreeRTOS_Source\queue.o
vTaskPrioritySet                                  FreeRTOS_Source\tasks.o
vTaskResume                                       FreeRTOS_Source\tasks.o
vTaskSetTimeOutState                              FreeRTOS_Source\tasks.o
                                                  FreeRTOS_Source\queue.o
vTaskStartScheduler                               FreeRTOS_Source\tasks.o
                                                  src\main.o
vTaskSuspend                                      FreeRTOS_Source\tasks.o
vTaskSuspendAll                                   FreeRTOS_Source\tasks.o
                                                  FreeRTOS_Source\timers.o
                                                  FreeRTOS_Source\queue.o
                                                  FreeRTOS_Source\portable\MemMang\heap_1.o
vTaskSwitchContext                                FreeRTOS_Source\tasks.o
                                                  FreeRTOS_Source\portable\GCC\ARM_CM3\port.o
xPortGetFreeHeapSize                              FreeRTOS_Source\portable\MemMang\heap_1.o
                                                  src\main.o
xPortStartScheduler                               FreeRTOS_Source\portable\GCC\ARM_CM3\port.o
                                                  FreeRTOS_Source\tasks.o
xQueueCreateMutex                                 FreeRTOS_Source\queue.o
xQueueGenericCreate                               FreeRTOS_Source\queue.o
                                                  src\main.o
                                                  FreeRTOS_Source\timers.o
xQueueGenericReceive                              FreeRTOS_Source\queue.o
                                                  src\main.o
                                                  FreeRTOS_Source\timers.o
xQueueGenericReset                                FreeRTOS_Source\queue.o
xQueueGenericSend                                 FreeRTOS_Source\queue.o
                                                  src\main.o
                                                  FreeRTOS_Source\timers.o
xQueueGenericSendFromISR                          FreeRTOS_Source\queue.o
                                                  src\main.o
                                                  FreeRTOS_Source\timers.o
xQueueIsQueueEmptyFromISR                         FreeRTOS_Source\queue.o
xQueueIsQueueFullFromISR                          FreeRTOS_Source\queue.o
xQueueReceiveFromISR                              FreeRTOS_Source\queue.o
xQueueRegistry                                    FreeRTOS_Source\queue.o
xTaskCheckForTimeOut                              FreeRTOS_Source\tasks.o
                                                  FreeRTOS_Source\queue.o
xTaskGenericCreate                                FreeRTOS_Source\tasks.o
                                                  src\main.o
                                                  FreeRTOS_Source\timers.o
xTaskGetCurrentTaskHandle                         FreeRTOS_Source\tasks.o
                                                  FreeRTOS_Source\queue.o
xTaskGetSchedulerState                            FreeRTOS_Source\tasks.o
                                                  FreeRTOS_Source\timers.o
xTaskGetTickCount                                 FreeRTOS_Source\tasks.o
                                                  src\main.o
                                                  FreeRTOS_Source\timers.o
xTaskGetTickCountFromISR                          FreeRTOS_Source\tasks.o
xTaskIsTaskSuspended                              FreeRTOS_Source\tasks.o
xTaskRemoveFromEventList                          FreeRTOS_Source\tasks.o
                                                  FreeRTOS_Source\queue.o
xTaskResumeAll                                    FreeRTOS_Source\tasks.o
                                                  FreeRTOS_Source\timers.o
                                                  FreeRTOS_Source\queue.o
                                                  FreeRTOS_Source\portable\MemMang\heap_1.o
xTaskResumeFromISR                                FreeRTOS_Source\tasks.o
xTimerCreate                                      FreeRTOS_Source\timers.o
                                                  src\main.o
xTimerCreateTimerTask                             FreeRTOS_Source\timers.o
                                                  FreeRTOS_Source\tasks.o
xTimerGenericCommand                              FreeRTOS_Source\timers.o
                                                  src\main.o
xTimerIsTimerActive                               FreeRTOS_Source\timers.o
